  Determining projects to restore...
  All projects are up-to-date for restore.
  DataAccess -> D:\FPT\2026 SPRING\SWP391\SWP391_SP26\AEMS_Solution\DataAccess\bin\Debug\net8.0\DataAccess.dll
D:\FPT\2026 SPRING\SWP391\SWP391_SP26\AEMS_Solution\BusinessLogic\Service\System\EmailService.cs(3,29): error CS0234: The type or namespace name 'Interface' does not exist in the namespace 'BusinessLogic.Service' (are you missing an assembly reference?) [D:\FPT\2026 SPRING\SWP391\SWP391_SP26\AEMS_Solution\BusinessLogic\BusinessLogic.csproj]
D:\FPT\2026 SPRING\SWP391\SWP391_SP26\AEMS_Solution\BusinessLogic\Service\System\SystemErrorLogService.cs(2,29): error CS0234: The type or namespace name 'Interface' does not exist in the namespace 'BusinessLogic.Service' (are you missing an assembly reference?) [D:\FPT\2026 SPRING\SWP391\SWP391_SP26\AEMS_Solution\BusinessLogic\BusinessLogic.csproj]
D:\FPT\2026 SPRING\SWP391\SWP391_SP26\AEMS_Solution\BusinessLogic\Service\User\UserService.cs(3,29): error CS0234: The type or namespace name 'Interface' does not exist in the namespace 'BusinessLogic.Service' (are you missing an assembly reference?) [D:\FPT\2026 SPRING\SWP391\SWP391_SP26\AEMS_Solution\BusinessLogic\BusinessLogic.csproj]
D:\FPT\2026 SPRING\SWP391\SWP391_SP26\AEMS_Solution\BusinessLogic\DTOs\User\UserDetailDto.cs(8,24): warning CS0108: 'UserDetailDto.AvatarUrl' hides inherited member 'UserListDto.AvatarUrl'. Use the new keyword if hiding was intended. [D:\FPT\2026 SPRING\SWP391\SWP391_SP26\AEMS_Solution\BusinessLogic\BusinessLogic.csproj]
D:\FPT\2026 SPRING\SWP391\SWP391_SP26\AEMS_Solution\BusinessLogic\Service\System\ISystemErrorLogService.cs(10,89): error CS0234: The type or namespace name 'SystemLogStatusEnum' does not exist in the namespace 'DataAccess.Enum' (are you missing an assembly reference?) [D:\FPT\2026 SPRING\SWP391\SWP391_SP26\AEMS_Solution\BusinessLogic\BusinessLogic.csproj]
D:\FPT\2026 SPRING\SWP391\SWP391_SP26\AEMS_Solution\BusinessLogic\Service\Auth\AuthService.cs(54,48): error CS0246: The type or namespace name 'RegisterStudentRequest' could not be found (are you missing a using directive or an assembly reference?) [D:\FPT\2026 SPRING\SWP391\SWP391_SP26\AEMS_Solution\BusinessLogic\BusinessLogic.csproj]
D:\FPT\2026 SPRING\SWP391\SWP391_SP26\AEMS_Solution\BusinessLogic\Service\System\ISystemErrorLogService.cs(11,117): error CS0234: The type or namespace name 'SystemLogStatusEnum' does not exist in the namespace 'DataAccess.Enum' (are you missing an assembly reference?) [D:\FPT\2026 SPRING\SWP391\SWP391_SP26\AEMS_Solution\BusinessLogic\BusinessLogic.csproj]
D:\FPT\2026 SPRING\SWP391\SWP391_SP26\AEMS_Solution\BusinessLogic\Service\Auth\AuthService.cs(184,47): error CS0246: The type or namespace name 'ForgotPasswordRequest' could not be found (are you missing a using directive or an assembly reference?) [D:\FPT\2026 SPRING\SWP391\SWP391_SP26\AEMS_Solution\BusinessLogic\BusinessLogic.csproj]
D:\FPT\2026 SPRING\SWP391\SWP391_SP26\AEMS_Solution\BusinessLogic\Service\Auth\AuthService.cs(236,27): error CS0118: 'User' is a namespace but is used like a type [D:\FPT\2026 SPRING\SWP391\SWP391_SP26\AEMS_Solution\BusinessLogic\BusinessLogic.csproj]
D:\FPT\2026 SPRING\SWP391\SWP391_SP26\AEMS_Solution\BusinessLogic\Service\Auth\AuthService.cs(13,32): error CS0535: 'AuthService' does not implement interface member 'IAuthService.RegisterStudentAsync(RegisterStudentRequestDto)' [D:\FPT\2026 SPRING\SWP391\SWP391_SP26\AEMS_Solution\BusinessLogic\BusinessLogic.csproj]
D:\FPT\2026 SPRING\SWP391\SWP391_SP26\AEMS_Solution\BusinessLogic\Service\Auth\AuthService.cs(13,32): error CS0535: 'AuthService' does not implement interface member 'IAuthService.ForgotPasswordAsync(ForgotPasswordRequestDto)' [D:\FPT\2026 SPRING\SWP391\SWP391_SP26\AEMS_Solution\BusinessLogic\BusinessLogic.csproj]
D:\FPT\2026 SPRING\SWP391\SWP391_SP26\AEMS_Solution\BusinessLogic\Service\System\SystemErrorLogService.cs(23,102): error CS0234: The type or namespace name 'SystemLogStatusEnum' does not exist in the namespace 'DataAccess.Enum' (are you missing an assembly reference?) [D:\FPT\2026 SPRING\SWP391\SWP391_SP26\AEMS_Solution\BusinessLogic\BusinessLogic.csproj]
D:\FPT\2026 SPRING\SWP391\SWP391_SP26\AEMS_Solution\BusinessLogic\Service\System\SystemErrorLogService.cs(67,130): error CS0234: The type or namespace name 'SystemLogStatusEnum' does not exist in the namespace 'DataAccess.Enum' (are you missing an assembly reference?) [D:\FPT\2026 SPRING\SWP391\SWP391_SP26\AEMS_Solution\BusinessLogic\BusinessLogic.csproj]
D:\FPT\2026 SPRING\SWP391\SWP391_SP26\AEMS_Solution\BusinessLogic\Service\System\ISystemErrorLogService.cs(10,123): error CS0234: The type or namespace name 'SystemLogStatusEnum' does not exist in the namespace 'DataAccess.Enum' (are you missing an assembly reference?) [D:\FPT\2026 SPRING\SWP391\SWP391_SP26\AEMS_Solution\BusinessLogic\BusinessLogic.csproj]
D:\FPT\2026 SPRING\SWP391\SWP391_SP26\AEMS_Solution\BusinessLogic\Service\System\SystemErrorLogService.cs(23,136): error CS0234: The type or namespace name 'SystemLogStatusEnum' does not exist in the namespace 'DataAccess.Enum' (are you missing an assembly reference?) [D:\FPT\2026 SPRING\SWP391\SWP391_SP26\AEMS_Solution\BusinessLogic\BusinessLogic.csproj]

Build FAILED.

D:\FPT\2026 SPRING\SWP391\SWP391_SP26\AEMS_Solution\BusinessLogic\DTOs\User\UserDetailDto.cs(8,24): warning CS0108: 'UserDetailDto.AvatarUrl' hides inherited member 'UserListDto.AvatarUrl'. Use the new keyword if hiding was intended. [D:\FPT\2026 SPRING\SWP391\SWP391_SP26\AEMS_Solution\BusinessLogic\BusinessLogic.csproj]
D:\FPT\2026 SPRING\SWP391\SWP391_SP26\AEMS_Solution\BusinessLogic\Service\System\EmailService.cs(3,29): error CS0234: The type or namespace name 'Interface' does not exist in the namespace 'BusinessLogic.Service' (are you missing an assembly reference?) [D:\FPT\2026 SPRING\SWP391\SWP391_SP26\AEMS_Solution\BusinessLogic\BusinessLogic.csproj]
D:\FPT\2026 SPRING\SWP391\SWP391_SP26\AEMS_Solution\BusinessLogic\Service\System\SystemErrorLogService.cs(2,29): error CS0234: The type or namespace name 'Interface' does not exist in the namespace 'BusinessLogic.Service' (are you missing an assembly reference?) [D:\FPT\2026 SPRING\SWP391\SWP391_SP26\AEMS_Solution\BusinessLogic\BusinessLogic.csproj]
D:\FPT\2026 SPRING\SWP391\SWP391_SP26\AEMS_Solution\BusinessLogic\Service\User\UserService.cs(3,29): error CS0234: The type or namespace name 'Interface' does not exist in the namespace 'BusinessLogic.Service' (are you missing an assembly reference?) [D:\FPT\2026 SPRING\SWP391\SWP391_SP26\AEMS_Solution\BusinessLogic\BusinessLogic.csproj]
D:\FPT\2026 SPRING\SWP391\SWP391_SP26\AEMS_Solution\BusinessLogic\Service\System\ISystemErrorLogService.cs(10,89): error CS0234: The type or namespace name 'SystemLogStatusEnum' does not exist in the namespace 'DataAccess.Enum' (are you missing an assembly reference?) [D:\FPT\2026 SPRING\SWP391\SWP391_SP26\AEMS_Solution\BusinessLogic\BusinessLogic.csproj]
D:\FPT\2026 SPRING\SWP391\SWP391_SP26\AEMS_Solution\BusinessLogic\Service\Auth\AuthService.cs(54,48): error CS0246: The type or namespace name 'RegisterStudentRequest' could not be found (are you missing a using directive or an assembly reference?) [D:\FPT\2026 SPRING\SWP391\SWP391_SP26\AEMS_Solution\BusinessLogic\BusinessLogic.csproj]
D:\FPT\2026 SPRING\SWP391\SWP391_SP26\AEMS_Solution\BusinessLogic\Service\System\ISystemErrorLogService.cs(11,117): error CS0234: The type or namespace name 'SystemLogStatusEnum' does not exist in the namespace 'DataAccess.Enum' (are you missing an assembly reference?) [D:\FPT\2026 SPRING\SWP391\SWP391_SP26\AEMS_Solution\BusinessLogic\BusinessLogic.csproj]
D:\FPT\2026 SPRING\SWP391\SWP391_SP26\AEMS_Solution\BusinessLogic\Service\Auth\AuthService.cs(184,47): error CS0246: The type or namespace name 'ForgotPasswordRequest' could not be found (are you missing a using directive or an assembly reference?) [D:\FPT\2026 SPRING\SWP391\SWP391_SP26\AEMS_Solution\BusinessLogic\BusinessLogic.csproj]
D:\FPT\2026 SPRING\SWP391\SWP391_SP26\AEMS_Solution\BusinessLogic\Service\Auth\AuthService.cs(236,27): error CS0118: 'User' is a namespace but is used like a type [D:\FPT\2026 SPRING\SWP391\SWP391_SP26\AEMS_Solution\BusinessLogic\BusinessLogic.csproj]
D:\FPT\2026 SPRING\SWP391\SWP391_SP26\AEMS_Solution\BusinessLogic\Service\Auth\AuthService.cs(13,32): error CS0535: 'AuthService' does not implement interface member 'IAuthService.RegisterStudentAsync(RegisterStudentRequestDto)' [D:\FPT\2026 SPRING\SWP391\SWP391_SP26\AEMS_Solution\BusinessLogic\BusinessLogic.csproj]
D:\FPT\2026 SPRING\SWP391\SWP391_SP26\AEMS_Solution\BusinessLogic\Service\Auth\AuthService.cs(13,32): error CS0535: 'AuthService' does not implement interface member 'IAuthService.ForgotPasswordAsync(ForgotPasswordRequestDto)' [D:\FPT\2026 SPRING\SWP391\SWP391_SP26\AEMS_Solution\BusinessLogic\BusinessLogic.csproj]
D:\FPT\2026 SPRING\SWP391\SWP391_SP26\AEMS_Solution\BusinessLogic\Service\System\SystemErrorLogService.cs(23,102): error CS0234: The type or namespace name 'SystemLogStatusEnum' does not exist in the namespace 'DataAccess.Enum' (are you missing an assembly reference?) [D:\FPT\2026 SPRING\SWP391\SWP391_SP26\AEMS_Solution\BusinessLogic\BusinessLogic.csproj]
D:\FPT\2026 SPRING\SWP391\SWP391_SP26\AEMS_Solution\BusinessLogic\Service\System\SystemErrorLogService.cs(67,130): error CS0234: The type or namespace name 'SystemLogStatusEnum' does not exist in the namespace 'DataAccess.Enum' (are you missing an assembly reference?) [D:\FPT\2026 SPRING\SWP391\SWP391_SP26\AEMS_Solution\BusinessLogic\BusinessLogic.csproj]
D:\FPT\2026 SPRING\SWP391\SWP391_SP26\AEMS_Solution\BusinessLogic\Service\System\ISystemErrorLogService.cs(10,123): error CS0234: The type or namespace name 'SystemLogStatusEnum' does not exist in the namespace 'DataAccess.Enum' (are you missing an assembly reference?) [D:\FPT\2026 SPRING\SWP391\SWP391_SP26\AEMS_Solution\BusinessLogic\BusinessLogic.csproj]
D:\FPT\2026 SPRING\SWP391\SWP391_SP26\AEMS_Solution\BusinessLogic\Service\System\SystemErrorLogService.cs(23,136): error CS0234: The type or namespace name 'SystemLogStatusEnum' does not exist in the namespace 'DataAccess.Enum' (are you missing an assembly reference?) [D:\FPT\2026 SPRING\SWP391\SWP391_SP26\AEMS_Solution\BusinessLogic\BusinessLogic.csproj]
    1 Warning(s)
    14 Error(s)

Time Elapsed 00:00:01.45
