  Determining projects to restore...
  All projects are up-to-date for restore.
  DataAccess -> D:\FPT\2026 SPRING\SWP391\SWP391_SP26\AEMS_Solution\DataAccess\bin\Debug\net8.0\DataAccess.dll
  BusinessLogic -> D:\FPT\2026 SPRING\SWP391\SWP391_SP26\AEMS_Solution\BusinessLogic\bin\Debug\net8.0\BusinessLogic.dll
D:\FPT\2026 SPRING\SWP391\SWP391_SP26\AEMS_Solution\AEMS_Solution\Controllers\Common\ProfileController.cs(63,34): warning CS0168: The variable 'ex' is declared but never used [D:\FPT\2026 SPRING\SWP391\SWP391_SP26\AEMS_Solution\AEMS_Solution\AEMS_Solution.csproj]
D:\FPT\2026 SPRING\SWP391\SWP391_SP26\AEMS_Solution\AEMS_Solution\Program.cs(58,28): warning CS8601: Possible null reference assignment. [D:\FPT\2026 SPRING\SWP391\SWP391_SP26\AEMS_Solution\AEMS_Solution\AEMS_Solution.csproj]
D:\FPT\2026 SPRING\SWP391\SWP391_SP26\AEMS_Solution\AEMS_Solution\Program.cs(59,32): warning CS8601: Possible null reference assignment. [D:\FPT\2026 SPRING\SWP391\SWP391_SP26\AEMS_Solution\AEMS_Solution\AEMS_Solution.csproj]
D:\FPT\2026 SPRING\SWP391\SWP391_SP26\AEMS_Solution\AEMS_Solution\Controllers\Authentication\AuthController.cs(131,71): warning CS8604: Possible null reference argument for parameter 'googleId' in 'Task<User> IAuthService.LoginGoogleAsync(string email, string googleId, string fullName, string avatarUrl)'. [D:\FPT\2026 SPRING\SWP391\SWP391_SP26\AEMS_Solution\AEMS_Solution\AEMS_Solution.csproj]
D:\FPT\2026 SPRING\SWP391\SWP391_SP26\AEMS_Solution\AEMS_Solution\Controllers\Authentication\AuthController.cs(317,56): warning CS8604: Possible null reference argument for parameter 'userId' in 'Task IAuthService.ChangePasswordAsync(string userId, ChangePasswordRequest req)'. [D:\FPT\2026 SPRING\SWP391\SWP391_SP26\AEMS_Solution\AEMS_Solution\AEMS_Solution.csproj]
D:\FPT\2026 SPRING\SWP391\SWP391_SP26\AEMS_Solution\AEMS_Solution\Views\Admin\UserManagement\Index.cshtml(88,79): error CS1061: 'UserListDto' does not contain a definition for 'AvatarUrl' and no accessible extension method 'AvatarUrl' accepting a first argument of type 'UserListDto' could be found (are you missing a using directive or an assembly reference?) [D:\FPT\2026 SPRING\SWP391\SWP391_SP26\AEMS_Solution\AEMS_Solution\AEMS_Solution.csproj]
D:\FPT\2026 SPRING\SWP391\SWP391_SP26\AEMS_Solution\AEMS_Solution\Views\Admin\UserManagement\Index.cshtml(88,151): error CS1061: 'UserListDto' does not contain a definition for 'AvatarUrl' and no accessible extension method 'AvatarUrl' accepting a first argument of type 'UserListDto' could be found (are you missing a using directive or an assembly reference?) [D:\FPT\2026 SPRING\SWP391\SWP391_SP26\AEMS_Solution\AEMS_Solution\AEMS_Solution.csproj]

Build FAILED.

D:\FPT\2026 SPRING\SWP391\SWP391_SP26\AEMS_Solution\AEMS_Solution\Controllers\Common\ProfileController.cs(63,34): warning CS0168: The variable 'ex' is declared but never used [D:\FPT\2026 SPRING\SWP391\SWP391_SP26\AEMS_Solution\AEMS_Solution\AEMS_Solution.csproj]
D:\FPT\2026 SPRING\SWP391\SWP391_SP26\AEMS_Solution\AEMS_Solution\Program.cs(58,28): warning CS8601: Possible null reference assignment. [D:\FPT\2026 SPRING\SWP391\SWP391_SP26\AEMS_Solution\AEMS_Solution\AEMS_Solution.csproj]
D:\FPT\2026 SPRING\SWP391\SWP391_SP26\AEMS_Solution\AEMS_Solution\Program.cs(59,32): warning CS8601: Possible null reference assignment. [D:\FPT\2026 SPRING\SWP391\SWP391_SP26\AEMS_Solution\AEMS_Solution\AEMS_Solution.csproj]
D:\FPT\2026 SPRING\SWP391\SWP391_SP26\AEMS_Solution\AEMS_Solution\Controllers\Authentication\AuthController.cs(131,71): warning CS8604: Possible null reference argument for parameter 'googleId' in 'Task<User> IAuthService.LoginGoogleAsync(string email, string googleId, string fullName, string avatarUrl)'. [D:\FPT\2026 SPRING\SWP391\SWP391_SP26\AEMS_Solution\AEMS_Solution\AEMS_Solution.csproj]
D:\FPT\2026 SPRING\SWP391\SWP391_SP26\AEMS_Solution\AEMS_Solution\Controllers\Authentication\AuthController.cs(317,56): warning CS8604: Possible null reference argument for parameter 'userId' in 'Task IAuthService.ChangePasswordAsync(string userId, ChangePasswordRequest req)'. [D:\FPT\2026 SPRING\SWP391\SWP391_SP26\AEMS_Solution\AEMS_Solution\AEMS_Solution.csproj]
D:\FPT\2026 SPRING\SWP391\SWP391_SP26\AEMS_Solution\AEMS_Solution\Views\Admin\UserManagement\Index.cshtml(88,79): error CS1061: 'UserListDto' does not contain a definition for 'AvatarUrl' and no accessible extension method 'AvatarUrl' accepting a first argument of type 'UserListDto' could be found (are you missing a using directive or an assembly reference?) [D:\FPT\2026 SPRING\SWP391\SWP391_SP26\AEMS_Solution\AEMS_Solution\AEMS_Solution.csproj]
D:\FPT\2026 SPRING\SWP391\SWP391_SP26\AEMS_Solution\AEMS_Solution\Views\Admin\UserManagement\Index.cshtml(88,151): error CS1061: 'UserListDto' does not contain a definition for 'AvatarUrl' and no accessible extension method 'AvatarUrl' accepting a first argument of type 'UserListDto' could be found (are you missing a using directive or an assembly reference?) [D:\FPT\2026 SPRING\SWP391\SWP391_SP26\AEMS_Solution\AEMS_Solution\AEMS_Solution.csproj]
    5 Warning(s)
    2 Error(s)

Time Elapsed 00:00:02.85
